Warning: Warmup 10 is small for the largest alphabet 8, cut points will be noisy, want at least 80
ev       = 0.6705 0.2460 0.0835
bits     = 3 2 1
alphabet = 8 4 2
score    = 2.209975
gap,10,0.000000
gap,11,0.000000
gap,12,0.000000
gap,13,0.000000
gap,14,0.000000
gap,15,0.016721
gap,16,0.175418
gap,17,0.148848
gap,18,0.119673
gap,19,0.120113
gap,20,0.000000
gap,21,0.000000
gap,22,0.000000
gap,23,0.000000
gap,24,0.000000
gap,25,0.000000
gap,26,0.000000
gap,27,0.000000
gap,28,0.000000
gap,29,0.000000
gap,30,0.000000
gap,31,0.000000
gap,32,0.000000
gap,33,0.000000
gap,34,0.001480
gap,35,0.073836
gap,36,0.205737
gap,37,0.212860
gap,38,0.209409
gap,39,0.206300
gap,40,0.139657
gap,41,0.128209
gap,42,0.126583
gap,43,0.161079
gap,44,0.165403
gap,45,0.161327
gap,46,0.159197
gap,47,0.065204
gap,48,0.025153
gap,49,0.000000
gap,50,0.000000
gap,51,0.000000
gap,52,0.000000
gap,53,0.000000
gap,54,0.045281
gap,55,0.121702
gap,56,0.263761
gap,57,0.265370
gap,58,0.255804
gap,59,0.253218
gap,60,0.201936
gap,61,0.202635
gap,62,0.224875
gap,63,0.304430
gap,64,0.307862
gap,65,0.298240
gap,66,0.294145
gap,67,0.116509
gap,68,0.051263
gap,69,0.000000
gap,70,0.000000
gap,71,0.000000
gap,72,0.000017
gap,73,0.000000
gap,74,0.058727
gap,75,0.143316
gap,76,0.291337
gap,77,0.292105
gap,78,0.280593
gap,79,0.276512
gap,80,0.235726
gap,81,0.244850
gap,82,0.280670
gap,83,0.380914
gap,84,0.383818
gap,85,0.370756
gap,86,0.363877
gap,87,0.147807
gap,88,0.065732
gap,89,0.000539
gap,90,0.001103
gap,91,0.000111
gap,92,0.000000
gap,93,0.000000
gap,94,0.063138
gap,95,0.147809
gap,96,0.286256
gap,97,0.286707
gap,98,0.273529
gap,99,0.266612
gap,100,0.232400
gap,101,0.243107
gap,102,0.278046
gap,103,0.364559
gap,104,0.367461
gap,105,0.352802
gap,106,0.342431
gap,107,0.142901
gap,108,0.064594
gap,109,0.000892
gap,110,0.001709
gap,111,0.000585
gap,112,0.000000
gap,113,0.000000
gap,114,0.053228
gap,115,0.121500
gap,116,0.226427
gap,117,0.227000
gap,118,0.212809
gap,119,0.202487
gap,120,0.174901
gap,121,0.181868
gap,122,0.203484
gap,123,0.309819
gap,124,0.303657
gap,125,0.283007
gap,126,0.277249
gap,127,0.089760
gap,128,0.041408
gap,129,0.000615
gap,130,0.001578
gap,131,0.000680
gap,132,0.000000
gap,133,0.000000
gap,134,0.024908
gap,135,0.057494
gap,136,0.103511
gap,137,0.105225
gap,138,0.091780
gap,139,0.078658
gap,140,0.061260
gap,141,0.062125
gap,142,0.068368
gap,143,0.249332
gap,144,0.243581
gap,145,0.223725
gap,146,0.216357
gap,147,0.000000
gap,148,0.000000
gap,149,0.000000
gap,150,0.000687
gap,151,0.000344
gap,152,0.000000
gap,153,0.000000
gap,154,0.000000
gap,155,0.000000
gap,156,0.006367
gap,157,0.002392
gap,158,0.000000
gap,159,0.000000
gap,160,0.000000
gap,161,0.000000
gap,162,0.000000
gap,163,0.149216
gap,164,0.144624
gap,165,0.126938
gap,166,0.119375
gap,167,0.000000
gap,168,0.000000
gap,169,0.000000
gap,170,0.000000
gap,171,0.000000
gap,172,0.000000
gap,173,0.000000
gap,174,0.000000
gap,175,0.000000
gap,176,0.000000
gap,177,0.000000
gap,178,0.000000
gap,179,0.000000
gap,180,0.000000
gap,181,0.000000
gap,182,0.000000
gap,183,0.042926
gap,184,0.039628
gap,185,0.024807
gap,186,0.018317
gap,187,0.000000
gap,188,0.000000
gap,189,0.000000
gap,190,0.000000
gap,191,0.000000
gap,192,0.000000
gap,193,0.000000
gap,194,0.000000
gap,195,0.000000
gap,196,0.000000
gap,197,0.000000
gap,198,0.000000
gap,199,0.000000
windows  = 200 seen, 190 symbolised
drift    = overlap 1.318e-01, length 1.125e-02 (worst before cleanup)
time     = 0.000 s reading, 0.000 s algorithm
